Archive member included to satisfy reference by file (symbol)

c:/programs/stmicroelectronics/stm32cubeide/plugins/com.st.stm32cube.ide.mcu.externaltools.gnu-tools-for-stm32.9-2020-q2-update.win32_2.0.0.202105311346/tools/bin/../lib/gcc/arm-none-eabi/9.3.1/../../../../arm-none-eabi/lib/thumb/v7e-m+fp/hard\libc_nano.a(lib_a-errno.o)
                              ./Core/Src/syscalls.o (__errno)
c:/programs/stmicroelectronics/stm32cubeide/plugins/com.st.stm32cube.ide.mcu.externaltools.gnu-tools-for-stm32.9-2020-q2-update.win32_2.0.0.202105311346/tools/bin/../lib/gcc/arm-none-eabi/9.3.1/../../../../arm-none-eabi/lib/thumb/v7e-m+fp/hard\libc_nano.a(lib_a-exit.o)
                              c:/programs/stmicroelectronics/stm32cubeide/plugins/com.st.stm32cube.ide.mcu.externaltools.gnu-tools-for-stm32.9-2020-q2-update.win32_2.0.0.202105311346/tools/bin/../lib/gcc/arm-none-eabi/9.3.1/../../../../arm-none-eabi/lib/thumb/v7e-m+fp/hard/crt0.o (exit)
c:/programs/stmicroelectronics/stm32cubeide/plugins/com.st.stm32cube.ide.mcu.externaltools.gnu-tools-for-stm32.9-2020-q2-update.win32_2.0.0.202105311346/tools/bin/../lib/gcc/arm-none-eabi/9.3.1/../../../../arm-none-eabi/lib/thumb/v7e-m+fp/hard\libc_nano.a(lib_a-impure.o)
                              c:/programs/stmicroelectronics/stm32cubeide/plugins/com.st.stm32cube.ide.mcu.externaltools.gnu-tools-for-stm32.9-2020-q2-update.win32_2.0.0.202105311346/tools/bin/../lib/gcc/arm-none-eabi/9.3.1/../../../../arm-none-eabi/lib/thumb/v7e-m+fp/hard\libc_nano.a(lib_a-exit.o) (_global_impure_ptr)
c:/programs/stmicroelectronics/stm32cubeide/plugins/com.st.stm32cube.ide.mcu.externaltools.gnu-tools-for-stm32.9-2020-q2-update.win32_2.0.0.202105311346/tools/bin/../lib/gcc/arm-none-eabi/9.3.1/../../../../arm-none-eabi/lib/thumb/v7e-m+fp/hard\libc_nano.a(lib_a-init.o)
                              c:/programs/stmicroelectronics/stm32cubeide/plugins/com.st.stm32cube.ide.mcu.externaltools.gnu-tools-for-stm32.9-2020-q2-update.win32_2.0.0.202105311346/tools/bin/../lib/gcc/arm-none-eabi/9.3.1/../../../../arm-none-eabi/lib/thumb/v7e-m+fp/hard/crt0.o (__libc_init_array)
c:/programs/stmicroelectronics/stm32cubeide/plugins/com.st.stm32cube.ide.mcu.externaltools.gnu-tools-for-stm32.9-2020-q2-update.win32_2.0.0.202105311346/tools/bin/../lib/gcc/arm-none-eabi/9.3.1/../../../../arm-none-eabi/lib/thumb/v7e-m+fp/hard\libc_nano.a(lib_a-memset.o)
                              c:/programs/stmicroelectronics/stm32cubeide/plugins/com.st.stm32cube.ide.mcu.externaltools.gnu-tools-for-stm32.9-2020-q2-update.win32_2.0.0.202105311346/tools/bin/../lib/gcc/arm-none-eabi/9.3.1/../../../../arm-none-eabi/lib/thumb/v7e-m+fp/hard/crt0.o (memset)

Allocating common symbols
Common symbol       size              file

data_11             0x10              ./Core/Src/main.o
temp_hk             0x4               ./Core/Src/main.o
datatest            0x10              ./Core/Src/main.o
hspi2               0x64              ./Core/Src/main.o
A                   0x4               ./Core/Src/main.o
hi2c2               0x54              ./Core/Src/main.o
uwTick              0x4               ./Drivers/STM32F3xx_HAL_Driver/Src/stm32f3xx_hal.o
pFlash              0x20              ./Drivers/STM32F3xx_HAL_Driver/Src/stm32f3xx_hal_flash.o
Arrhk               0x7d0             ./Core/Src/main.o
data_01             0x10              ./Core/Src/main.o
hspi3               0x64              ./Core/Src/main.o
B                   0x4               ./Core/Src/main.o
data_00             0x10              ./Core/Src/main.o
shifted_bit         0x1               ./Core/Src/main.o
diodes_byte         0x1               ./Core/Src/main.o
data_10             0x10              ./Core/Src/main.o
pressed_flag        0x4               ./Core/Src/main.o
Arr_control         0x40              ./Core/Src/main.o
hspi1               0x64              ./Core/Src/main.o
a                   0x4               ./Core/Src/main.o
temp_tk             0x4               ./Core/Src/main.o
Arrtk               0x7d0             ./Core/Src/main.o
fulldata            0x40              ./Core/Src/main.o
btn                 0x4               ./Core/Src/main.o

Discarded input sections

 .text          0x0000000000000000        0x0 c:/programs/stmicroelectronics/stm32cubeide/plugins/com.st.stm32cube.ide.mcu.externaltools.gnu-tools-for-stm32.9-2020-q2-update.win32_2.0.0.202105311346/tools/bin/../lib/gcc/arm-none-eabi/9.3.1/thumb/v7e-m+fp/hard/crti.o
 .data          0x0000000000000000        0x0 c:/programs/stmicroelectronics/stm32cubeide/plugins/com.st.stm32cube.ide.mcu.externaltools.gnu-tools-for-stm32.9-2020-q2-update.win32_2.0.0.202105311346/tools/bin/../lib/gcc/arm-none-eabi/9.3.1/thumb/v7e-m+fp/hard/crti.o
 .bss           0x0000000000000000        0x0 c:/programs/stmicroelectronics/stm32cubeide/plugins/com.st.stm32cube.ide.mcu.externaltools.gnu-tools-for-stm32.9-2020-q2-update.win32_2.0.0.202105311346/tools/bin/../lib/gcc/arm-none-eabi/9.3.1/thumb/v7e-m+fp/hard/crti.o
[...]
Memory Configuration

Name             Origin             Length             Attributes
CCMRAM           0x0000000010000000 0x0000000000002000 xrw
RAM              0x0000000020000000 0x000000000000a000 xrw
FLASH            0x0000000008000000 0x0000000000040000 xr
*default*        0x0000000000000000 0xffffffffffffffff

Linker script and memory map

LOAD c:/programs/stmicroelectronics/stm32cubeide/plugins/com.st.stm32cube.ide.mcu.externaltools.gnu-tools-for-stm32.9-2020-q2-update.win32_2.0.0.202105311346/tools/bin/../lib/gcc/arm-none-eabi/9.3.1/thumb/v7e-m+fp/hard/crti.o
LOAD c:/programs/stmicroelectronics/stm32cubeide/plugins/com.st.stm32cube.ide.mcu.externaltools.gnu-tools-for-stm32.9-2020-q2-update.win32_2.0.0.202105311346/tools/bin/../lib/gcc/arm-none-eabi/9.3.1/thumb/v7e-m+fp/hard/crtbegin.o
LOAD c:/programs/stmicroelectronics/stm32cubeide/plugins/com.st.stm32cube.ide.mcu.externaltools.gnu-tools-for-stm32.9-2020-q2-update.win32_2.0.0.202105311346/tools/bin/../lib/gcc/arm-none-eabi/9.3.1/../../../../arm-none-eabi/lib/thumb/v7e-m+fp/hard/crt0.o
LOAD ./Core/Src/main.o
LOAD ./Core/Src/stm32f3xx_hal_msp.o
LOAD ./Core/Src/stm32f3xx_it.o
LOAD ./Core/Src/syscalls.o
LOAD ./Core/Src/sysmem.o
LOAD ./Core/Src/system_stm32f3xx.o
LOAD ./Core/Startup/startup_stm32f303vctx.o
LOAD ./Drivers/STM32F3xx_HAL_Driver/Src/stm32f3xx_hal.o
LOAD ./Drivers/STM32F3xx_HAL_Driver/Src/stm32f3xx_hal_cortex.o
LOAD ./Drivers/STM32F3xx_HAL_Driver/Src/stm32f3xx_hal_dma.o
LOAD ./Drivers/STM32F3xx_HAL_Driver/Src/stm32f3xx_hal_exti.o
LOAD ./Drivers/STM32F3xx_HAL_Driver/Src/stm32f3xx_hal_flash.o
LOAD ./Drivers/STM32F3xx_HAL_Driver/Src/stm32f3xx_hal_flash_ex.o
LOAD ./Drivers/STM32F3xx_HAL_Driver/Src/stm32f3xx_hal_gpio.o
LOAD ./Drivers/STM32F3xx_HAL_Driver/Src/stm32f3xx_hal_i2c.o
LOAD ./Drivers/STM32F3xx_HAL_Driver/Src/stm32f3xx_hal_i2c_ex.o
LOAD ./Drivers/STM32F3xx_HAL_Driver/Src/stm32f3xx_hal_pwr.o
LOAD ./Drivers/STM32F3xx_HAL_Driver/Src/stm32f3xx_hal_pwr_ex.o
LOAD ./Drivers/STM32F3xx_HAL_Driver/Src/stm32f3xx_hal_rcc.o
LOAD ./Drivers/STM32F3xx_HAL_Driver/Src/stm32f3xx_hal_rcc_ex.o
LOAD ./Drivers/STM32F3xx_HAL_Driver/Src/stm32f3xx_hal_spi.o
LOAD ./Drivers/STM32F3xx_HAL_Driver/Src/stm32f3xx_hal_spi_ex.o
LOAD ./Drivers/STM32F3xx_HAL_Driver/Src/stm32f3xx_hal_tim.o
LOAD ./Drivers/STM32F3xx_HAL_Driver/Src/stm32f3xx_hal_tim_ex.o
START GROUP
LOAD c:/programs/stmicroelectronics/stm32cubeide/plugins/com.st.stm32cube.ide.mcu.externaltools.gnu-tools-for-stm32.9-2020-q2-update.win32_2.0.0.202105311346/tools/bin/../lib/gcc/arm-none-eabi/9.3.1/../../../../arm-none-eabi/lib/thumb/v7e-m+fp/hard\libc_nano.a
LOAD c:/programs/stmicroelectronics/stm32cubeide/plugins/com.st.stm32cube.ide.mcu.externaltools.gnu-tools-for-stm32.9-2020-q2-update.win32_2.0.0.202105311346/tools/bin/../lib/gcc/arm-none-eabi/9.3.1/../../../../arm-none-eabi/lib/thumb/v7e-m+fp/hard\libm.a
END GROUP
START GROUP
LOAD c:/programs/stmicroelectronics/stm32cubeide/plugins/com.st.stm32cube.ide.mcu.externaltools.gnu-tools-for-stm32.9-2020-q2-update.win32_2.0.0.202105311346/tools/bin/../lib/gcc/arm-none-eabi/9.3.1/thumb/v7e-m+fp/hard\libgcc.a
LOAD c:/programs/stmicroelectronics/stm32cubeide/plugins/com.st.stm32cube.ide.mcu.externaltools.gnu-tools-for-stm32.9-2020-q2-update.win32_2.0.0.202105311346/tools/bin/../lib/gcc/arm-none-eabi/9.3.1/../../../../arm-none-eabi/lib/thumb/v7e-m+fp/hard\libc_nano.a
END GROUP
START GROUP
LOAD c:/programs/stmicroelectronics/stm32cubeide/plugins/com.st.stm32cube.ide.mcu.externaltools.gnu-tools-for-stm32.9-2020-q2-update.win32_2.0.0.202105311346/tools/bin/../lib/gcc/arm-none-eabi/9.3.1/thumb/v7e-m+fp/hard\libgcc.a
LOAD c:/programs/stmicroelectronics/stm32cubeide/plugins/com.st.stm32cube.ide.mcu.externaltools.gnu-tools-for-stm32.9-2020-q2-update.win32_2.0.0.202105311346/tools/bin/../lib/gcc/arm-none-eabi/9.3.1/../../../../arm-none-eabi/lib/thumb/v7e-m+fp/hard\libc_nano.a
LOAD c:/programs/stmicroelectronics/stm32cubeide/plugins/com.st.stm32cube.ide.mcu.externaltools.gnu-tools-for-stm32.9-2020-q2-update.win32_2.0.0.202105311346/tools/bin/../lib/gcc/arm-none-eabi/9.3.1/../../../../arm-none-eabi/lib/thumb/v7e-m+fp/hard\libnosys.a
END GROUP
START GROUP
LOAD c:/programs/stmicroelectronics/stm32cubeide/plugins/com.st.stm32cube.ide.mcu.externaltools.gnu-tools-for-stm32.9-2020-q2-update.win32_2.0.0.202105311346/tools/bin/../lib/gcc/arm-none-eabi/9.3.1/thumb/v7e-m+fp/hard\libgcc.a
LOAD c:/programs/stmicroelectronics/stm32cubeide/plugins/com.st.stm32cube.ide.mcu.externaltools.gnu-tools-for-stm32.9-2020-q2-update.win32_2.0.0.202105311346/tools/bin/../lib/gcc/arm-none-eabi/9.3.1/../../../../arm-none-eabi/lib/thumb/v7e-m+fp/hard\libc_nano.a
LOAD c:/programs/stmicroelectronics/stm32cubeide/plugins/com.st.stm32cube.ide.mcu.externaltools.gnu-tools-for-stm32.9-2020-q2-update.win32_2.0.0.202105311346/tools/bin/../lib/gcc/arm-none-eabi/9.3.1/../../../../arm-none-eabi/lib/thumb/v7e-m+fp/hard\libnosys.a
END GROUP
LOAD c:/programs/stmicroelectronics/stm32cubeide/plugins/com.st.stm32cube.ide.mcu.externaltools.gnu-tools-for-stm32.9-2020-q2-update.win32_2.0.0.202105311346/tools/bin/../lib/gcc/arm-none-eabi/9.3.1/thumb/v7e-m+fp/hard/crtend.o
LOAD c:/programs/stmicroelectronics/stm32cubeide/plugins/com.st.stm32cube.ide.mcu.externaltools.gnu-tools-for-stm32.9-2020-q2-update.win32_2.0.0.202105311346/tools/bin/../lib/gcc/arm-none-eabi/9.3.1/thumb/v7e-m+fp/hard/crtn.o
                0x000000002000a000                _estack = (ORIGIN (RAM) + LENGTH (RAM))
                0x0000000000000200                _Min_Heap_Size = 0x200
                0x0000000000000400                _Min_Stack_Size = 0x400

.isr_vector     0x0000000008000000      0x188
                0x0000000008000000                . = ALIGN (0x4)
 *(.isr_vector)
 .isr_vector    0x0000000008000000      0x188 ./Core/Startup/startup_stm32f303vctx.o
                0x0000000008000000                g_pfnVectors
                0x0000000008000188                . = ALIGN (0x4)

.text           0x0000000008000188     0x4718
                0x0000000008000188                . = ALIGN (0x4)
 *(.text)
 .text          0x0000000008000188       0x40 c:/programs/stmicroelectronics/stm32cubeide/plugins/com.st.stm32cube.ide.mcu.externaltools.gnu-tools-for-stm32.9-2020-q2-update.win32_2.0.0.202105311346/tools/bin/../lib/gcc/arm-none-eabi/9.3.1/thumb/v7e-m+fp/hard/crtbegin.o
 *(.text*)
 .text.main     0x00000000080001c8      0x204 ./Core/Src/main.o
                0x00000000080001c8                main
 .text.SystemClock_Config
                0x00000000080003cc       0xb8 ./Core/Src/main.o
                0x00000000080003cc                SystemClock_Config
 .text.MX_I2C2_Init
                0x0000000008000484       0x80 ./Core/Src/main.o
 .text.MX_SPI1_Init
                0x0000000008000504       0x7c ./Core/Src/main.o
 .text.MX_SPI2_Init
                0x0000000008000580       0x7c ./Core/Src/main.o
 .text.MX_SPI3_Init
                0x00000000080005fc       0x7c ./Core/Src/main.o
 .text.MX_GPIO_Init
                0x0000000008000678      0x138 ./Core/Src/main.o
 .text.Error_Handler
                0x00000000080007b0        0xa ./Core/Src/main.o
                0x00000000080007b0                Error_Handler
 *fill*         0x00000000080007ba        0x2 
 .text.HAL_MspInit
                0x00000000080007bc       0x48 ./Core/Src/stm32f3xx_hal_msp.o
                0x00000000080007bc                HAL_MspInit
 .text.HAL_I2C_MspInit
                0x0000000008000804       0x98 ./Core/Src/stm32f3xx_hal_msp.o
                0x0000000008000804                HAL_I2C_MspInit
 .text.HAL_SPI_MspInit
                0x000000000800089c      0x190 ./Core/Src/stm32f3xx_hal_msp.o
                0x000000000800089c                HAL_SPI_MspInit
 .text.NMI_Handler
                0x0000000008000a2c        0x6 ./Core/Src/stm32f3xx_it.o
                0x0000000008000a2c                NMI_Handler
 .text.HardFault_Handler
                0x0000000008000a32        0x6 ./Core/Src/stm32f3xx_it.o
                0x0000000008000a32                HardFault_Handler
 .text.MemManage_Handler
                0x0000000008000a38        0x6 ./Core/Src/stm32f3xx_it.o
                0x0000000008000a38                MemManage_Handler
 .text.BusFault_Handler
                0x0000000008000a3e        0x6 ./Core/Src/stm32f3xx_it.o
                0x0000000008000a3e                BusFault_Handler
 .text.UsageFault_Handler
                0x0000000008000a44        0x6 ./Core/Src/stm32f3xx_it.o
                0x0000000008000a44                UsageFault_Handler
 .text.SVC_Handler
                0x0000000008000a4a        0xe ./Core/Src/stm32f3xx_it.o
                0x0000000008000a4a                SVC_Handler
 .text.DebugMon_Handler
                0x0000000008000a58        0xe ./Core/Src/stm32f3xx_it.o
                0x0000000008000a58                DebugMon_Handler
 .text.PendSV_Handler
                0x0000000008000a66        0xe ./Core/Src/stm32f3xx_it.o
                0x0000000008000a66                PendSV_Handler
 .text.SysTick_Handler
                0x0000000008000a74        0xc ./Core/Src/stm32f3xx_it.o
                0x0000000008000a74                SysTick_Handler
 .text.I2C2_EV_IRQHandler
                0x0000000008000a80       0x14 ./Core/Src/stm32f3xx_it.o
                0x0000000008000a80                I2C2_EV_IRQHandler
 .text.SystemInit
                0x0000000008000a94       0x24 ./Core/Src/system_stm32f3xx.o
                0x0000000008000a94                SystemInit
 .text.Reset_Handler
                0x0000000008000ab8       0x50 ./Core/Startup/startup_stm32f303vctx.o
                0x0000000008000ab8                Reset_Handler
 .text.Default_Handler
                0x0000000008000b08        0x2 ./Core/Startup/startup_stm32f303vctx.o
                0x0000000008000b08                RTC_Alarm_IRQHandler
                0x0000000008000b08                TIM8_TRG_COM_IRQHandler
                0x0000000008000b08                TIM8_CC_IRQHandler
                0x0000000008000b08                TIM1_CC_IRQHandler
                0x0000000008000b08                USB_HP_IRQHandler
                0x0000000008000b08                PVD_IRQHandler
                0x0000000008000b08                TAMP_STAMP_IRQHandler
                0x0000000008000b08                EXTI3_IRQHandler
                0x0000000008000b08                USB_HP_CAN_TX_IRQHandler
                0x0000000008000b08                EXTI0_IRQHandler
                0x0000000008000b08                FPU_IRQHandler
                0x0000000008000b08                TIM1_UP_TIM16_IRQHandler
                0x0000000008000b08                ADC1_2_IRQHandler
                0x0000000008000b08                SPI1_IRQHandler
                0x0000000008000b08                CAN_SCE_IRQHandler
                0x0000000008000b08                TIM6_DAC_IRQHandler
                0x0000000008000b08                TIM8_UP_IRQHandler
                0x0000000008000b08                DMA2_Channel2_IRQHandler
                0x0000000008000b08                DMA1_Channel4_IRQHandler
                0x0000000008000b08                USART3_IRQHandler
                0x0000000008000b08                DMA1_Channel7_IRQHandler
                0x0000000008000b08                UART5_IRQHandler
                0x0000000008000b08                ADC3_IRQHandler
                0x0000000008000b08                TIM4_IRQHandler
                0x0000000008000b08                CAN_RX1_IRQHandler
                0x0000000008000b08                DMA2_Channel1_IRQHandler
                0x0000000008000b08                I2C1_EV_IRQHandler
                0x0000000008000b08                DMA1_Channel6_IRQHandler
                0x0000000008000b08                UART4_IRQHandler
                0x0000000008000b08                DMA2_Channel4_IRQHandler
                0x0000000008000b08                TIM3_IRQHandler
                0x0000000008000b08                RCC_IRQHandler
                0x0000000008000b08                DMA1_Channel1_IRQHandler
                0x0000000008000b08                Default_Handler
                0x0000000008000b08                USBWakeUp_RMP_IRQHandler
                0x0000000008000b08                EXTI15_10_IRQHandler
                0x0000000008000b08                TIM7_IRQHandler
                0x0000000008000b08                EXTI9_5_IRQHandler
                0x0000000008000b08                RTC_WKUP_IRQHandler
                0x0000000008000b08                SPI2_IRQHandler
                0x0000000008000b08                USB_LP_CAN_RX0_IRQHandler
                0x0000000008000b08                DMA2_Channel5_IRQHandler
                0x0000000008000b08                DMA1_Channel5_IRQHandler
                0x0000000008000b08                USB_LP_IRQHandler
                0x0000000008000b08                EXTI4_IRQHandler
                0x0000000008000b08                TIM1_TRG_COM_TIM17_IRQHandler
                0x0000000008000b08                DMA1_Channel3_IRQHandler
                0x0000000008000b08                ADC4_IRQHandler
                0x0000000008000b08                WWDG_IRQHandler
                0x0000000008000b08                TIM2_IRQHandler
                0x0000000008000b08                COMP7_IRQHandler
                0x0000000008000b08                COMP1_2_3_IRQHandler
                0x0000000008000b08                EXTI1_IRQHandler
                0x0000000008000b08                USART2_IRQHandler
                0x0000000008000b08                COMP4_5_6_IRQHandler
                0x0000000008000b08                I2C2_ER_IRQHandler
                0x0000000008000b08                DMA1_Channel2_IRQHandler
                0x0000000008000b08                TIM8_BRK_IRQHandler
                0x0000000008000b08                FLASH_IRQHandler
                0x0000000008000b08                USART1_IRQHandler
                0x0000000008000b08                SPI3_IRQHandler
                0x0000000008000b08                I2C1_ER_IRQHandler
                0x0000000008000b08                USBWakeUp_IRQHandler
                0x0000000008000b08                DMA2_Channel3_IRQHandler
                0x0000000008000b08                EXTI2_TSC_IRQHandler
                0x0000000008000b08                TIM1_BRK_TIM15_IRQHandler
 *fill*         0x0000000008000b0a        0x2 
 .text.HAL_Init
                0x0000000008000b0c       0x2c ./Drivers/STM32F3xx_HAL_Driver/Src/stm32f3xx_hal.o
                0x0000000008000b0c                HAL_Init
 .text.HAL_InitTick
                0x0000000008000b38       0x60 ./Drivers/STM32F3xx_HAL_Driver/Src/stm32f3xx_hal.o
                0x0000000008000b38                HAL_InitTick
 .text.HAL_IncTick
                0x0000000008000b98       0x28 ./Drivers/STM32F3xx_HAL_Driver/Src/stm32f3xx_hal.o
                0x0000000008000b98                HAL_IncTick
 .text.HAL_GetTick
                0x0000000008000bc0       0x18 ./Drivers/STM32F3xx_HAL_Driver/Src/stm32f3xx_hal.o
                0x0000000008000bc0                HAL_GetTick
 .text.HAL_Delay
                0x0000000008000bd8       0x48 ./Drivers/STM32F3xx_HAL_Driver/Src/stm32f3xx_hal.o
                0x0000000008000bd8                HAL_Delay
 .text.__NVIC_SetPriorityGrouping
                0x0000000008000c20       0x48 ./Drivers/STM32F3xx_HAL_Driver/Src/stm32f3xx_hal_cortex.o
 .text.__NVIC_GetPriorityGrouping
                0x0000000008000c68       0x1c ./Drivers/STM32F3xx_HAL_Driver/Src/stm32f3xx_hal_cortex.o
 .text.__NVIC_EnableIRQ
                0x0000000008000c84       0x3c ./Drivers/STM32F3xx_HAL_Driver/Src/stm32f3xx_hal_cortex.o
 .text.__NVIC_SetPriority
                0x0000000008000cc0       0x54 ./Drivers/STM32F3xx_HAL_Driver/Src/stm32f3xx_hal_cortex.o
 .text.NVIC_EncodePriority
                0x0000000008000d14       0x66 ./Drivers/STM32F3xx_HAL_Driver/Src/stm32f3xx_hal_cortex.o
 *fill*         0x0000000008000d7a        0x2 
 .text.SysTick_Config
                0x0000000008000d7c       0x44 ./Drivers/STM32F3xx_HAL_Driver/Src/stm32f3xx_hal_cortex.o
 .text.HAL_NVIC_SetPriorityGrouping
                0x0000000008000dc0       0x16 ./Drivers/STM32F3xx_HAL_Driver/Src/stm32f3xx_hal_cortex.o
                0x0000000008000dc0                HAL_NVIC_SetPriorityGrouping
 .text.HAL_NVIC_SetPriority
                0x0000000008000dd6       0x38 ./Drivers/STM32F3xx_HAL_Driver/Src/stm32f3xx_hal_cortex.o
                0x0000000008000dd6                HAL_NVIC_SetPriority
 .text.HAL_NVIC_EnableIRQ
                0x0000000008000e0e       0x1c ./Drivers/STM32F3xx_HAL_Driver/Src/stm32f3xx_hal_cortex.o
                0x0000000008000e0e                HAL_NVIC_EnableIRQ
 .text.HAL_SYSTICK_Config
                0x0000000008000e2a       0x18 ./Drivers/STM32F3xx_HAL_Driver/Src/stm32f3xx_hal_cortex.o
                0x0000000008000e2a                HAL_SYSTICK_Config
 .text.HAL_DMA_Abort_IT
                0x0000000008000e42       0x7c ./Drivers/STM32F3xx_HAL_Driver/Src/stm32f3xx_hal_dma.o
                0x0000000008000e42                HAL_DMA_Abort_IT
 .text.HAL_DMA_GetState
                0x0000000008000ebe       0x1a ./Drivers/STM32F3xx_HAL_Driver/Src/stm32f3xx_hal_dma.o
                0x0000000008000ebe                HAL_DMA_GetState
 .text.HAL_GPIO_Init
                0x0000000008000ed8      0x2f4 ./Drivers/STM32F3xx_HAL_Driver/Src/stm32f3xx_hal_gpio.o
                0x0000000008000ed8                HAL_GPIO_Init
 .text.HAL_GPIO_WritePin
                0x00000000080011cc       0x30 ./Drivers/STM32F3xx_HAL_Driver/Src/stm32f3xx_hal_gpio.o
                0x00000000080011cc                HAL_GPIO_WritePin
 .text.HAL_I2C_Init
                0x00000000080011fc      0x11e ./Drivers/STM32F3xx_HAL_Driver/Src/stm32f3xx_hal_i2c.o
                0x00000000080011fc                HAL_I2C_Init
 *fill*         0x000000000800131a        0x2 
 .text.HAL_I2C_Master_Receive_IT
                0x000000000800131c       0xe0 ./Drivers/STM32F3xx_HAL_Driver/Src/stm32f3xx_hal_i2c.o
                0x000000000800131c                HAL_I2C_Master_Receive_IT
 .text.HAL_I2C_EV_IRQHandler
                0x00000000080013fc       0x34 ./Drivers/STM32F3xx_HAL_Driver/Src/stm32f3xx_hal_i2c.o
                0x00000000080013fc                HAL_I2C_EV_IRQHandler
 .text.HAL_I2C_MasterTxCpltCallback
                0x0000000008001430       0x14 ./Drivers/STM32F3xx_HAL_Driver/Src/stm32f3xx_hal_i2c.o
                0x0000000008001430                HAL_I2C_MasterTxCpltCallback
 .text.HAL_I2C_MasterRxCpltCallback
                0x0000000008001444       0x14 ./Drivers/STM32F3xx_HAL_Driver/Src/stm32f3xx_hal_i2c.o
                0x0000000008001444                HAL_I2C_MasterRxCpltCallback
 .text.HAL_I2C_SlaveTxCpltCallback
                0x0000000008001458       0x14 ./Drivers/STM32F3xx_HAL_Driver/Src/stm32f3xx_hal_i2c.o
                0x0000000008001458                HAL_I2C_SlaveTxCpltCallback
 .text.HAL_I2C_SlaveRxCpltCallback
                0x000000000800146c       0x14 ./Drivers/STM32F3xx_HAL_Driver/Src/stm32f3xx_hal_i2c.o
                0x000000000800146c                HAL_I2C_SlaveRxCpltCallback
 .text.HAL_I2C_AddrCallback
                0x0000000008001480       0x1c ./Drivers/STM32F3xx_HAL_Driver/Src/stm32f3xx_hal_i2c.o
                0x0000000008001480                HAL_I2C_AddrCallback
 .text.HAL_I2C_ListenCpltCallback
                0x000000000800149c       0x14 ./Drivers/STM32F3xx_HAL_Driver/Src/stm32f3xx_hal_i2c.o
                0x000000000800149c                HAL_I2C_ListenCpltCallback
 .text.HAL_I2C_MemTxCpltCallback
                0x00000000080014b0       0x14 ./Drivers/STM32F3xx_HAL_Driver/Src/stm32f3xx_hal_i2c.o
                0x00000000080014b0                HAL_I2C_MemTxCpltCallback
 .text.HAL_I2C_MemRxCpltCallback
                0x00000000080014c4       0x14 ./Drivers/STM32F3xx_HAL_Driver/Src/stm32f3xx_hal_i2c.o
                0x00000000080014c4                HAL_I2C_MemRxCpltCallback
 .text.HAL_I2C_ErrorCallback
                0x00000000080014d8       0x14 ./Drivers/STM32F3xx_HAL_Driver/Src/stm32f3xx_hal_i2c.o
                0x00000000080014d8                HAL_I2C_ErrorCallback
 .text.HAL_I2C_AbortCpltCallback
                0x00000000080014ec       0x14 ./Drivers/STM32F3xx_HAL_Driver/Src/stm32f3xx_hal_i2c.o
                0x00000000080014ec                HAL_I2C_AbortCpltCallback
 .text.I2C_Master_ISR_IT
                0x0000000008001500      0x250 ./Drivers/STM32F3xx_HAL_Driver/Src/stm32f3xx_hal_i2c.o
 .text.I2C_Slave_ISR_IT
                0x0000000008001750      0x206 ./Drivers/STM32F3xx_HAL_Driver/Src/stm32f3xx_hal_i2c.o
 .text.I2C_Master_ISR_DMA
                0x0000000008001956      0x1e6 ./Drivers/STM32F3xx_HAL_Driver/Src/stm32f3xx_hal_i2c.o
 .text.I2C_Mem_ISR_DMA
                0x0000000008001b3c      0x248 ./Drivers/STM32F3xx_HAL_Driver/Src/stm32f3xx_hal_i2c.o
 .text.I2C_Slave_ISR_DMA
                0x0000000008001d84      0x1c0 ./Drivers/STM32F3xx_HAL_Driver/Src/stm32f3xx_hal_i2c.o
 .text.I2C_ITAddrCplt
                0x0000000008001f44      0x108 ./Drivers/STM32F3xx_HAL_Driver/Src/stm32f3xx_hal_i2c.o
 .text.I2C_ITMasterSeqCplt
                0x000000000800204c       0x7a ./Drivers/STM32F3xx_HAL_Driver/Src/stm32f3xx_hal_i2c.o
 .text.I2C_ITSlaveSeqCplt
                0x00000000080020c6       0xbc ./Drivers/STM32F3xx_HAL_Driver/Src/stm32f3xx_hal_i2c.o
 *fill*         0x0000000008002182        0x2 
 .text.I2C_ITMasterCplt
                0x0000000008002184      0x194 ./Drivers/STM32F3xx_HAL_Driver/Src/stm32f3xx_hal_i2c.o
 .text.I2C_ITSlaveCplt
                0x0000000008002318      0x214 ./Drivers/STM32F3xx_HAL_Driver/Src/stm32f3xx_hal_i2c.o
 .text.I2C_ITListenCplt
                0x000000000800252c       0xac ./Drivers/STM32F3xx_HAL_Driver/Src/stm32f3xx_hal_i2c.o
 .text.I2C_ITError
                0x00000000080025d8      0x1e0 ./Drivers/STM32F3xx_HAL_Driver/Src/stm32f3xx_hal_i2c.o
 .text.I2C_TreatErrorCallback
                0x00000000080027b8       0x4e ./Drivers/STM32F3xx_HAL_Driver/Src/stm32f3xx_hal_i2c.o
 .text.I2C_Flush_TXDR
                0x0000000008002806       0x48 ./Drivers/STM32F3xx_HAL_Driver/Src/stm32f3xx_hal_i2c.o
 .text.I2C_DMAAbort
                0x000000000800284e       0x3c ./Drivers/STM32F3xx_HAL_Driver/Src/stm32f3xx_hal_i2c.o
 *fill*         0x000000000800288a        0x2 
 .text.I2C_TransferConfig
                0x000000000800288c       0x64 ./Drivers/STM32F3xx_HAL_Driver/Src/stm32f3xx_hal_i2c.o
 .text.I2C_Enable_IRQ
                0x00000000080028f0      0x110 ./Drivers/STM32F3xx_HAL_Driver/Src/stm32f3xx_hal_i2c.o
 .text.I2C_Disable_IRQ
                0x0000000008002a00       0xbc ./Drivers/STM32F3xx_HAL_Driver/Src/stm32f3xx_hal_i2c.o
 .text.HAL_I2CEx_ConfigAnalogFilter
                0x0000000008002abc       0x96 ./Drivers/STM32F3xx_HAL_Driver/Src/stm32f3xx_hal_i2c_ex.o
                0x0000000008002abc                HAL_I2CEx_ConfigAnalogFilter
 .text.HAL_I2CEx_ConfigDigitalFilter
                0x0000000008002b52       0x98 ./Drivers/STM32F3xx_HAL_Driver/Src/stm32f3xx_hal_i2c_ex.o
                0x0000000008002b52                HAL_I2CEx_ConfigDigitalFilter
 *fill*         0x0000000008002bea        0x2 
 .text.HAL_RCC_OscConfig
                0x0000000008002bec      0xe10 ./Drivers/STM32F3xx_HAL_Driver/Src/stm32f3xx_hal_rcc.o
                0x0000000008002bec                HAL_RCC_OscConfig
 .text.HAL_RCC_ClockConfig
                0x00000000080039fc      0x2f8 ./Drivers/STM32F3xx_HAL_Driver/Src/stm32f3xx_hal_rcc.o
                0x00000000080039fc                HAL_RCC_ClockConfig
 .text.HAL_RCC_GetSysClockFreq
                0x0000000008003cf4       0xd4 ./Drivers/STM32F3xx_HAL_Driver/Src/stm32f3xx_hal_rcc.o
                0x0000000008003cf4                HAL_RCC_GetSysClockFreq
 .text.HAL_RCCEx_PeriphCLKConfig
                0x0000000008003dc8      0x360 ./Drivers/STM32F3xx_HAL_Driver/Src/stm32f3xx_hal_rcc_ex.o
                0x0000000008003dc8                HAL_RCCEx_PeriphCLKConfig
 .text.HAL_SPI_Init
                0x0000000008004128      0x156 ./Drivers/STM32F3xx_HAL_Driver/Src/stm32f3xx_hal_spi.o
                0x0000000008004128                HAL_SPI_Init
 .text.HAL_SPI_Transmit
                0x000000000800427e      0x2ea ./Drivers/STM32F3xx_HAL_Driver/Src/stm32f3xx_hal_spi.o
                0x000000000800427e                HAL_SPI_Transmit
 .text.SPI_WaitFlagStateUntilTimeout
                0x0000000008004568      0x110 ./Drivers/STM32F3xx_HAL_Driver/Src/stm32f3xx_hal_spi.o
 .text.SPI_WaitFifoStateUntilTimeout
                0x0000000008004678      0x12c ./Drivers/STM32F3xx_HAL_Driver/Src/stm32f3xx_hal_spi.o
 .text.SPI_EndRxTxTransaction
                0x00000000080047a4       0x8c ./Drivers/STM32F3xx_HAL_Driver/Src/stm32f3xx_hal_spi.o
 .text.__libc_init_array
                0x0000000008004830       0x48 c:/programs/stmicroelectronics/stm32cubeide/plugins/com.st.stm32cube.ide.mcu.externaltools.gnu-tools-for-stm32.9-2020-q2-update.win32_2.0.0.202105311346/tools/bin/../lib/gcc/arm-none-eabi/9.3.1/../../../../arm-none-eabi/lib/thumb/v7e-m+fp/hard\libc_nano.a(lib_a-init.o)
                0x0000000008004830                __libc_init_array
 .text.memset   0x0000000008004878       0x10 c:/programs/stmicroelectronics/stm32cubeide/plugins/com.st.stm32cube.ide.mcu.externaltools.gnu-tools-for-stm32.9-2020-q2-update.win32_2.0.0.202105311346/tools/bin/../lib/gcc/arm-none-eabi/9.3.1/../../../../arm-none-eabi/lib/thumb/v7e-m+fp/hard\libc_nano.a(lib_a-memset.o)
                0x0000000008004878                memset
 *(.glue_7)
 .glue_7        0x0000000008004888        0x0 linker stubs
 *(.glue_7t)
 .glue_7t       0x0000000008004888        0x0 linker stubs
 *(.eh_frame)
 .eh_frame      0x0000000008004888        0x0 c:/programs/stmicroelectronics/stm32cubeide/plugins/com.st.stm32cube.ide.mcu.externaltools.gnu-tools-for-stm32.9-2020-q2-update.win32_2.0.0.202105311346/tools/bin/../lib/gcc/arm-none-eabi/9.3.1/thumb/v7e-m+fp/hard/crtbegin.o
 *(.init)
 .init          0x0000000008004888        0x4 c:/programs/stmicroelectronics/stm32cubeide/plugins/com.st.stm32cube.ide.mcu.externaltools.gnu-tools-for-stm32.9-2020-q2-update.win32_2.0.0.202105311346/tools/bin/../lib/gcc/arm-none-eabi/9.3.1/thumb/v7e-m+fp/hard/crti.o
                0x0000000008004888                _init
 .init          0x000000000800488c        0x8 c:/programs/stmicroelectronics/stm32cubeide/plugins/com.st.stm32cube.ide.mcu.externaltools.gnu-tools-for-stm32.9-2020-q2-update.win32_2.0.0.202105311346/tools/bin/../lib/gcc/arm-none-eabi/9.3.1/thumb/v7e-m+fp/hard/crtn.o
 *(.fini)
 .fini          0x0000000008004894        0x4 c:/programs/stmicroelectronics/stm32cubeide/plugins/com.st.stm32cube.ide.mcu.externaltools.gnu-tools-for-stm32.9-2020-q2-update.win32_2.0.0.202105311346/tools/bin/../lib/gcc/arm-none-eabi/9.3.1/thumb/v7e-m+fp/hard/crti.o
                0x0000000008004894                _fini
 .fini          0x0000000008004898        0x8 c:/programs/stmicroelectronics/stm32cubeide/plugins/com.st.stm32cube.ide.mcu.externaltools.gnu-tools-for-stm32.9-2020-q2-update.win32_2.0.0.202105311346/tools/bin/../lib/gcc/arm-none-eabi/9.3.1/thumb/v7e-m+fp/hard/crtn.o
                0x00000000080048a0                . = ALIGN (0x4)
                0x00000000080048a0                _etext = .

.vfp11_veneer   0x00000000080048a0        0x0
 .vfp11_veneer  0x00000000080048a0        0x0 linker stubs

.v4_bx          0x00000000080048a0        0x0
 .v4_bx         0x00000000080048a0        0x0 linker stubs

.iplt           0x00000000080048a0        0x0
 .iplt          0x00000000080048a0        0x0 c:/programs/stmicroelectronics/stm32cubeide/plugins/com.st.stm32cube.ide.mcu.externaltools.gnu-tools-for-stm32.9-2020-q2-update.win32_2.0.0.202105311346/tools/bin/../lib/gcc/arm-none-eabi/9.3.1/thumb/v7e-m+fp/hard/crtbegin.o

.rodata         0x00000000080048a0       0x30
                0x00000000080048a0                . = ALIGN (0x4)
 *(.rodata)
 *(.rodata*)
 .rodata.AHBPrescTable
                0x00000000080048a0       0x10 ./Core/Src/system_stm32f3xx.o
                0x00000000080048a0                AHBPrescTable
 .rodata.aPLLMULFactorTable
                0x00000000080048b0       0x10 ./Drivers/STM32F3xx_HAL_Driver/Src/stm32f3xx_hal_rcc.o
 .rodata.aPredivFactorTable
                0x00000000080048c0       0x10 ./Drivers/STM32F3xx_HAL_Driver/Src/stm32f3xx_hal_rcc.o
                0x00000000080048d0                . = ALIGN (0x4)

.rel.dyn        0x00000000080048d0        0x0
 .rel.iplt      0x00000000080048d0        0x0 c:/programs/stmicroelectronics/stm32cubeide/plugins/com.st.stm32cube.ide.mcu.externaltools.gnu-tools-for-stm32.9-2020-q2-update.win32_2.0.0.202105311346/tools/bin/../lib/gcc/arm-none-eabi/9.3.1/thumb/v7e-m+fp/hard/crtbegin.o

.ARM.extab      0x00000000080048d0        0x0
                0x00000000080048d0                . = ALIGN (0x4)
 *(.ARM.extab* .gnu.linkonce.armextab.*)
                0x00000000080048d0                . = ALIGN (0x4)

.ARM            0x00000000080048d0        0x0
                0x00000000080048d0                . = ALIGN (0x4)
                0x00000000080048d0                __exidx_start = .
 *(.ARM.exidx*)
                0x00000000080048d0                __exidx_end = .
                0x00000000080048d0                . = ALIGN (0x4)

.preinit_array  0x00000000080048d0        0x0
                0x00000000080048d0                . = ALIGN (0x4)
                0x00000000080048d0                PROVIDE (__preinit_array_start = .)
 *(.preinit_array*)
                0x00000000080048d0                PROVIDE (__preinit_array_end = .)
                0x00000000080048d0                . = ALIGN (0x4)

.init_array     0x00000000080048d0        0x4
                0x00000000080048d0                . = ALIGN (0x4)
                0x00000000080048d0                PROVIDE (__init_array_start = .)
 *(SORT_BY_NAME(.init_array.*))
 *(.init_array*)
 .init_array    0x00000000080048d0        0x4 c:/programs/stmicroelectronics/stm32cubeide/plugins/com.st.stm32cube.ide.mcu.externaltools.gnu-tools-for-stm32.9-2020-q2-update.win32_2.0.0.202105311346/tools/bin/../lib/gcc/arm-none-eabi/9.3.1/thumb/v7e-m+fp/hard/crtbegin.o
                0x00000000080048d4                PROVIDE (__init_array_end = .)
                0x00000000080048d4                . = ALIGN (0x4)

.fini_array     0x00000000080048d4        0x4
                0x00000000080048d4                . = ALIGN (0x4)
                [!provide]                        PROVIDE (__fini_array_start = .)
 *(SORT_BY_NAME(.fini_array.*))
 *(.fini_array*)
 .fini_array    0x00000000080048d4        0x4 c:/programs/stmicroelectronics/stm32cubeide/plugins/com.st.stm32cube.ide.mcu.externaltools.gnu-tools-for-stm32.9-2020-q2-update.win32_2.0.0.202105311346/tools/bin/../lib/gcc/arm-none-eabi/9.3.1/thumb/v7e-m+fp/hard/crtbegin.o
                [!provide]                        PROVIDE (__fini_array_end = .)
                0x00000000080048d8                . = ALIGN (0x4)
                0x00000000080048d8                _sidata = LOADADDR (.data)

.data           0x0000000020000000        0xc load address 0x00000000080048d8
                0x0000000020000000                . = ALIGN (0x4)
                0x0000000020000000                _sdata = .
 *(.data)
 *(.data*)
 .data.SystemCoreClock
                0x0000000020000000        0x4 ./Core/Src/system_stm32f3xx.o
                0x0000000020000000                SystemCoreClock
 .data.uwTickPrio
                0x0000000020000004        0x4 ./Drivers/STM32F3xx_HAL_Driver/Src/stm32f3xx_hal.o
                0x0000000020000004                uwTickPrio
 .data.uwTickFreq
                0x0000000020000008        0x1 ./Drivers/STM32F3xx_HAL_Driver/Src/stm32f3xx_hal.o
                0x0000000020000008                uwTickFreq
 *(.RamFunc)
 *(.RamFunc*)
                0x000000002000000c                . = ALIGN (0x4)
 *fill*         0x0000000020000009        0x3 
                0x000000002000000c                _edata = .
                0x00000000080048e4                _siccmram = LOADADDR (.ccmram)

.igot.plt       0x000000002000000c        0x0 load address 0x00000000080048e4
 .igot.plt      0x000000002000000c        0x0 c:/programs/stmicroelectronics/stm32cubeide/plugins/com.st.stm32cube.ide.mcu.externaltools.gnu-tools-for-stm32.9-2020-q2-update.win32_2.0.0.202105311346/tools/bin/../lib/gcc/arm-none-eabi/9.3.1/thumb/v7e-m+fp/hard/crtbegin.o

.ccmram         0x0000000010000000        0x0 load address 0x00000000080048e4
                0x0000000010000000                . = ALIGN (0x4)
                0x0000000010000000                _sccmram = .
 *(.ccmram)
 *(.ccmram*)
                0x0000000010000000                . = ALIGN (0x4)
                0x0000000010000000                _eccmram = .
                0x0000000010000000                . = ALIGN (0x4)

.bss            0x000000002000000c     0x1234
                0x000000002000000c                _sbss = .
                0x000000002000000c                __bss_start__ = _sbss
 *(.bss)
 .bss           0x000000002000000c       0x1c c:/programs/stmicroelectronics/stm32cubeide/plugins/com.st.stm32cube.ide.mcu.externaltools.gnu-tools-for-stm32.9-2020-q2-update.win32_2.0.0.202105311346/tools/bin/../lib/gcc/arm-none-eabi/9.3.1/thumb/v7e-m+fp/hard/crtbegin.o
 *(.bss*)
 .bss.AB_counter
                0x0000000020000028        0x4 ./Core/Src/main.o
                0x0000000020000028                AB_counter
 *(COMMON)
 COMMON         0x000000002000002c     0x1210 ./Core/Src/main.o
                0x000000002000002c                data_11
                0x000000002000003c                temp_hk
                0x0000000020000040                datatest
                0x0000000020000050                hspi2
                0x00000000200000b4                A
                0x00000000200000b8                hi2c2
                0x000000002000010c                Arrhk
                0x00000000200008dc                data_01
                0x00000000200008ec                hspi3
                0x0000000020000950                B
                0x0000000020000954                data_00
                0x0000000020000964                shifted_bit
                0x0000000020000965                diodes_byte
                0x0000000020000968                data_10
                0x0000000020000978                pressed_flag
                0x000000002000097c                Arr_control
                0x00000000200009bc                hspi1
                0x0000000020000a20                a
                0x0000000020000a24                temp_tk
                0x0000000020000a28                Arrtk
                0x00000000200011f8                fulldata
                0x0000000020001238                btn
 COMMON         0x000000002000123c        0x4 ./Drivers/STM32F3xx_HAL_Driver/Src/stm32f3xx_hal.o
                0x000000002000123c                uwTick
                0x0000000020001240                . = ALIGN (0x4)
                0x0000000020001240                _ebss = .
                0x0000000020001240                __bss_end__ = _ebss

._user_heap_stack
                0x0000000020001240      0x600
                0x0000000020001240                . = ALIGN (0x8)
                [!provide]                        PROVIDE (end = .)
                0x0000000020001240                PROVIDE (_end = .)
                0x0000000020001440                . = (. + _Min_Heap_Size)
 *fill*         0x0000000020001240      0x200 
                0x0000000020001840                . = (. + _Min_Stack_Size)
 *fill*         0x0000000020001440      0x400 
                0x0000000020001840                . = ALIGN (0x8)

/DISCARD/
 libc.a(*)
 libm.a(*)
 libgcc.a(*)

.ARM.attributes
                0x0000000000000000       0x30
 *(.ARM.attributes)
 .ARM.attributes
                0x0000000000000000       0x1e c:/programs/stmicroelectronics/stm32cubeide/plugins/com.st.stm32cube.ide.mcu.externaltools.gnu-tools-for-stm32.9-2020-q2-update.win32_2.0.0.202105311346/tools/bin/../lib/gcc/arm-none-eabi/9.3.1/thumb/v7e-m+fp/hard/crti.o
 .ARM.attributes
                0x000000000000001e       0x34 c:/programs/stmicroelectronics/stm32cubeide/plugins/com.st.stm32cube.ide.mcu.externaltools.gnu-tools-for-stm32.9-2020-q2-update.win32_2.0.0.202105311346/tools/bin/../lib/gcc/arm-none-eabi/9.3.1/thumb/v7e-m+fp/hard/crtbegin.o
 .ARM.attributes
                0x0000000000000052       0x34 ./Core/Src/main.o
 .ARM.attributes
                0x0000000000000086       0x34 ./Core/Src/stm32f3xx_hal_msp.o
 .ARM.attributes
                0x00000000000000ba       0x34 ./Core/Src/stm32f3xx_it.o
 .ARM.attributes
                0x00000000000000ee       0x34 ./Core/Src/system_stm32f3xx.o
 .ARM.attributes
                0x0000000000000122       0x21 ./Core/Startup/startup_stm32f303vctx.o
 .ARM.attributes
                0x0000000000000143       0x34 ./Drivers/STM32F3xx_HAL_Driver/Src/stm32f3xx_hal.o
 .ARM.attributes
                0x0000000000000177       0x34 ./Drivers/STM32F3xx_HAL_Driver/Src/stm32f3xx_hal_cortex.o
 .ARM.attributes
                0x00000000000001ab       0x34 ./Drivers/STM32F3xx_HAL_Driver/Src/stm32f3xx_hal_dma.o
 .ARM.attributes
                0x00000000000001df       0x34 ./Drivers/STM32F3xx_HAL_Driver/Src/stm32f3xx_hal_gpio.o
 .ARM.attributes
                0x0000000000000213       0x34 ./Drivers/STM32F3xx_HAL_Driver/Src/stm32f3xx_hal_i2c.o
 .ARM.attributes
                0x0000000000000247       0x34 ./Drivers/STM32F3xx_HAL_Driver/Src/stm32f3xx_hal_i2c_ex.o
 .ARM.attributes
                0x000000000000027b       0x34 ./Drivers/STM32F3xx_HAL_Driver/Src/stm32f3xx_hal_rcc.o
 .ARM.attributes
                0x00000000000002af       0x34 ./Drivers/STM32F3xx_HAL_Driver/Src/stm32f3xx_hal_rcc_ex.o
 .ARM.attributes
                0x00000000000002e3       0x34 ./Drivers/STM32F3xx_HAL_Driver/Src/stm32f3xx_hal_spi.o
 .ARM.attributes
                0x0000000000000317       0x34 c:/programs/stmicroelectronics/stm32cubeide/plugins/com.st.stm32cube.ide.mcu.externaltools.gnu-tools-for-stm32.9-2020-q2-update.win32_2.0.0.202105311346/tools/bin/../lib/gcc/arm-none-eabi/9.3.1/../../../../arm-none-eabi/lib/thumb/v7e-m+fp/hard\libc_nano.a(lib_a-init.o)
 .ARM.attributes
                0x000000000000034b       0x34 c:/programs/stmicroelectronics/stm32cubeide/plugins/com.st.stm32cube.ide.mcu.externaltools.gnu-tools-for-stm32.9-2020-q2-update.win32_2.0.0.202105311346/tools/bin/../lib/gcc/arm-none-eabi/9.3.1/../../../../arm-none-eabi/lib/thumb/v7e-m+fp/hard\libc_nano.a(lib_a-memset.o)
 .ARM.attributes
                0x000000000000037f       0x1e c:/programs/stmicroelectronics/stm32cubeide/plugins/com.st.stm32cube.ide.mcu.externaltools.gnu-tools-for-stm32.9-2020-q2-update.win32_2.0.0.202105311346/tools/bin/../lib/gcc/arm-none-eabi/9.3.1/thumb/v7e-m+fp/hard/crtn.o
OUTPUT(Matrix.elf elf32-littlearm)
LOAD linker stubs
LOAD c:/programs/stmicroelectronics/stm32cubeide/plugins/com.st.stm32cube.ide.mcu.externaltools.gnu-tools-for-stm32.9-2020-q2-update.win32_2.0.0.202105311346/tools/bin/../lib/gcc/arm-none-eabi/9.3.1/../../../../arm-none-eabi/lib/thumb/v7e-m+fp/hard\libc.a
LOAD c:/programs/stmicroelectronics/stm32cubeide/plugins/com.st.stm32cube.ide.mcu.externaltools.gnu-tools-for-stm32.9-2020-q2-update.win32_2.0.0.202105311346/tools/bin/../lib/gcc/arm-none-eabi/9.3.1/../../../../arm-none-eabi/lib/thumb/v7e-m+fp/hard\libm.a
LOAD c:/programs/stmicroelectronics/stm32cubeide/plugins/com.st.stm32cube.ide.mcu.externaltools.gnu-tools-for-stm32.9-2020-q2-update.win32_2.0.0.202105311346/tools/bin/../lib/gcc/arm-none-eabi/9.3.1/thumb/v7e-m+fp/hard\libgcc.a

.debug_info     0x0000000000000000     0xb66f
 .debug_info    0x0000000000000000     0x13aa ./Core/Src/main.o
 .debug_info    0x00000000000013aa      0xf55 ./Core/Src/stm32f3xx_hal_msp.o
 .debug_info    0x00000000000022ff      0x7b5 ./Core/Src/stm32f3xx_it.o
 .debug_info    0x0000000000002ab4      0x49a ./Core/Src/system_stm32f3xx.o
 .debug_info    0x0000000000002f4e       0x22 ./Core/Startup/startup_stm32f303vctx.o
 .debug_info    0x0000000000002f70      0x83d ./Drivers/STM32F3xx_HAL_Driver/Src/stm32f3xx_hal.o
 .debug_info    0x00000000000037ad      0xe44 ./Drivers/STM32F3xx_HAL_Driver/Src/stm32f3xx_hal_cortex.o
 .debug_info    0x00000000000045f1      0x839 ./Drivers/STM32F3xx_HAL_Driver/Src/stm32f3xx_hal_dma.o
 .debug_info    0x0000000000004e2a      0x779 ./Drivers/STM32F3xx_HAL_Driver/Src/stm32f3xx_hal_gpio.o
 .debug_info    0x00000000000055a3     0x22e1 ./Drivers/STM32F3xx_HAL_Driver/Src/stm32f3xx_hal_i2c.o
 .debug_info    0x0000000000007884      0x982 ./Drivers/STM32F3xx_HAL_Driver/Src/stm32f3xx_hal_i2c_ex.o
 .debug_info    0x0000000000008206     0x15b4 ./Drivers/STM32F3xx_HAL_Driver/Src/stm32f3xx_hal_rcc.o
 .debug_info    0x00000000000097ba      0x6bf ./Drivers/STM32F3xx_HAL_Driver/Src/stm32f3xx_hal_rcc_ex.o
 .debug_info    0x0000000000009e79     0x17f6 ./Drivers/STM32F3xx_HAL_Driver/Src/stm32f3xx_hal_spi.o

.debug_abbrev   0x0000000000000000     0x1b8e
 .debug_abbrev  0x0000000000000000      0x25a ./Core/Src/main.o
 .debug_abbrev  0x000000000000025a      0x1c0 ./Core/Src/stm32f3xx_hal_msp.o
 .debug_abbrev  0x000000000000041a      0x16e ./Core/Src/stm32f3xx_it.o
 .debug_abbrev  0x0000000000000588      0x145 ./Core/Src/system_stm32f3xx.o
 .debug_abbrev  0x00000000000006cd       0x12 ./Core/Startup/startup_stm32f303vctx.o
 .debug_abbrev  0x00000000000006df      0x1ed ./Drivers/STM32F3xx_HAL_Driver/Src/stm32f3xx_hal.o
 .debug_abbrev  0x00000000000008cc      0x33c ./Drivers/STM32F3xx_HAL_Driver/Src/stm32f3xx_hal_cortex.o
 .debug_abbrev  0x0000000000000c08      0x228 ./Drivers/STM32F3xx_HAL_Driver/Src/stm32f3xx_hal_dma.o
 .debug_abbrev  0x0000000000000e30      0x1e8 ./Drivers/STM32F3xx_HAL_Driver/Src/stm32f3xx_hal_gpio.o
 .debug_abbrev  0x0000000000001018      0x256 ./Drivers/STM32F3xx_HAL_Driver/Src/stm32f3xx_hal_i2c.o
 .debug_abbrev  0x000000000000126e      0x1dd ./Drivers/STM32F3xx_HAL_Driver/Src/stm32f3xx_hal_i2c_ex.o
 .debug_abbrev  0x000000000000144b      0x2b1 ./Drivers/STM32F3xx_HAL_Driver/Src/stm32f3xx_hal_rcc.o
 .debug_abbrev  0x00000000000016fc      0x23e ./Drivers/STM32F3xx_HAL_Driver/Src/stm32f3xx_hal_rcc_ex.o
 .debug_abbrev  0x000000000000193a      0x254 ./Drivers/STM32F3xx_HAL_Driver/Src/stm32f3xx_hal_spi.o

.debug_aranges  0x0000000000000000      0x9a8
 .debug_aranges
                0x0000000000000000       0x58 ./Core/Src/main.o
 .debug_aranges
                0x0000000000000058       0x40 ./Core/Src/stm32f3xx_hal_msp.o
 .debug_aranges
                0x0000000000000098       0x68 ./Core/Src/stm32f3xx_it.o
 .debug_aranges
                0x0000000000000100       0x28 ./Core/Src/system_stm32f3xx.o
 .debug_aranges
                0x0000000000000128       0x28 ./Core/Startup/startup_stm32f303vctx.o
 .debug_aranges
                0x0000000000000150       0xe0 ./Drivers/STM32F3xx_HAL_Driver/Src/stm32f3xx_hal.o
 .debug_aranges
                0x0000000000000230      0x118 ./Drivers/STM32F3xx_HAL_Driver/Src/stm32f3xx_hal_cortex.o
 .debug_aranges
                0x0000000000000348       0x88 ./Drivers/STM32F3xx_HAL_Driver/Src/stm32f3xx_hal_dma.o
 .debug_aranges
                0x00000000000003d0       0x58 ./Drivers/STM32F3xx_HAL_Driver/Src/stm32f3xx_hal_gpio.o
 .debug_aranges
                0x0000000000000428      0x2a0 ./Drivers/STM32F3xx_HAL_Driver/Src/stm32f3xx_hal_i2c.o
 .debug_aranges
                0x00000000000006c8       0x48 ./Drivers/STM32F3xx_HAL_Driver/Src/stm32f3xx_hal_i2c_ex.o
 .debug_aranges
                0x0000000000000710       0x88 ./Drivers/STM32F3xx_HAL_Driver/Src/stm32f3xx_hal_rcc.o
 .debug_aranges
                0x0000000000000798       0x38 ./Drivers/STM32F3xx_HAL_Driver/Src/stm32f3xx_hal_rcc_ex.o
 .debug_aranges
                0x00000000000007d0      0x1d8 ./Drivers/STM32F3xx_HAL_Driver/Src/stm32f3xx_hal_spi.o

.debug_ranges   0x0000000000000000      0x8d0
 .debug_ranges  0x0000000000000000       0x48 ./Core/Src/main.o
 .debug_ranges  0x0000000000000048       0x30 ./Core/Src/stm32f3xx_hal_msp.o
 .debug_ranges  0x0000000000000078       0x58 ./Core/Src/stm32f3xx_it.o
 .debug_ranges  0x00000000000000d0       0x18 ./Core/Src/system_stm32f3xx.o
 .debug_ranges  0x00000000000000e8       0x20 ./Core/Startup/startup_stm32f303vctx.o
 .debug_ranges  0x0000000000000108       0xd0 ./Drivers/STM32F3xx_HAL_Driver/Src/stm32f3xx_hal.o
 .debug_ranges  0x00000000000001d8      0x108 ./Drivers/STM32F3xx_HAL_Driver/Src/stm32f3xx_hal_cortex.o
 .debug_ranges  0x00000000000002e0       0x78 ./Drivers/STM32F3xx_HAL_Driver/Src/stm32f3xx_hal_dma.o
 .debug_ranges  0x0000000000000358       0x48 ./Drivers/STM32F3xx_HAL_Driver/Src/stm32f3xx_hal_gpio.o
 .debug_ranges  0x00000000000003a0      0x290 ./Drivers/STM32F3xx_HAL_Driver/Src/stm32f3xx_hal_i2c.o
 .debug_ranges  0x0000000000000630       0x38 ./Drivers/STM32F3xx_HAL_Driver/Src/stm32f3xx_hal_i2c_ex.o
 .debug_ranges  0x0000000000000668       0x78 ./Drivers/STM32F3xx_HAL_Driver/Src/stm32f3xx_hal_rcc.o
 .debug_ranges  0x00000000000006e0       0x28 ./Drivers/STM32F3xx_HAL_Driver/Src/stm32f3xx_hal_rcc_ex.o
 .debug_ranges  0x0000000000000708      0x1c8 ./Drivers/STM32F3xx_HAL_Driver/Src/stm32f3xx_hal_spi.o

.debug_macro    0x0000000000000000    0x1c384
 .debug_macro   0x0000000000000000      0x1d3 ./Core/Src/main.o
 .debug_macro   0x00000000000001d3      0xaa8 ./Core/Src/main.o
 .debug_macro   0x0000000000000c7b      0x151 ./Core/Src/main.o
 .debug_macro   0x0000000000000dcc       0x2e ./Core/Src/main.o
 .debug_macro   0x0000000000000dfa       0x28 ./Core/Src/main.o
 .debug_macro   0x0000000000000e22       0x22 ./Core/Src/main.o
 .debug_macro   0x0000000000000e44       0x8e ./Core/Src/main.o
 .debug_macro   0x0000000000000ed2       0x51 ./Core/Src/main.o
 .debug_macro   0x0000000000000f23      0x103 ./Core/Src/main.o
 .debug_macro   0x0000000000001026       0x6a ./Core/Src/main.o
 .debug_macro   0x0000000000001090      0x1df ./Core/Src/main.o
 .debug_macro   0x000000000000126f       0x1c ./Core/Src/main.o
 .debug_macro   0x000000000000128b       0x22 ./Core/Src/main.o
 .debug_macro   0x00000000000012ad       0xdf ./Core/Src/main.o
 .debug_macro   0x000000000000138c     0x102d ./Core/Src/main.o
 .debug_macro   0x00000000000023b9      0x11f ./Core/Src/main.o
 .debug_macro   0x00000000000024d8    0x12a3a ./Core/Src/main.o
 .debug_macro   0x0000000000014f12       0x6d ./Core/Src/main.o
 .debug_macro   0x0000000000014f7f     0x3558 ./Core/Src/main.o
 .debug_macro   0x00000000000184d7      0x174 ./Core/Src/main.o
 .debug_macro   0x000000000001864b       0x55 ./Core/Src/main.o
 .debug_macro   0x00000000000186a0      0x961 ./Core/Src/main.o
 .debug_macro   0x0000000000019001      0x5fe ./Core/Src/main.o
 .debug_macro   0x00000000000195ff      0x1b5 ./Core/Src/main.o
 .debug_macro   0x00000000000197b4      0x1fb ./Core/Src/main.o
 .debug_macro   0x00000000000199af      0x1dc ./Core/Src/main.o
 .debug_macro   0x0000000000019b8b      0x1bc ./Core/Src/main.o
 .debug_macro   0x0000000000019d47       0x30 ./Core/Src/main.o
 .debug_macro   0x0000000000019d77       0x3c ./Core/Src/main.o
 .debug_macro   0x0000000000019db3      0x235 ./Core/Src/main.o
 .debug_macro   0x0000000000019fe8       0xc5 ./Core/Src/main.o
 .debug_macro   0x000000000001a0ad      0x21d ./Core/Src/main.o
 .debug_macro   0x000000000001a2ca      0x22c ./Core/Src/main.o
 .debug_macro   0x000000000001a4f6       0x5b ./Core/Src/main.o
 .debug_macro   0x000000000001a551       0xa5 ./Core/Src/main.o
 .debug_macro   0x000000000001a5f6       0x81 ./Core/Src/main.o
 .debug_macro   0x000000000001a677       0xd3 ./Core/Src/main.o
 .debug_macro   0x000000000001a74a      0x2fe ./Core/Src/main.o
 .debug_macro   0x000000000001aa48      0x275 ./Core/Src/main.o
 .debug_macro   0x000000000001acbd       0x4c ./Core/Src/main.o
 .debug_macro   0x000000000001ad09      0x1d3 ./Core/Src/stm32f3xx_hal_msp.o
 .debug_macro   0x000000000001aedc      0x1dd ./Core/Src/stm32f3xx_it.o
 .debug_macro   0x000000000001b0b9      0x1c4 ./Core/Src/system_stm32f3xx.o
 .debug_macro   0x000000000001b27d      0x1e8 ./Drivers/STM32F3xx_HAL_Driver/Src/stm32f3xx_hal.o
 .debug_macro   0x000000000001b465      0x1c4 ./Drivers/STM32F3xx_HAL_Driver/Src/stm32f3xx_hal_cortex.o
 .debug_macro   0x000000000001b629      0x1c4 ./Drivers/STM32F3xx_HAL_Driver/Src/stm32f3xx_hal_dma.o
 .debug_macro   0x000000000001b7ed      0x1cb ./Drivers/STM32F3xx_HAL_Driver/Src/stm32f3xx_hal_gpio.o
 .debug_macro   0x000000000001b9b8      0x290 ./Drivers/STM32F3xx_HAL_Driver/Src/stm32f3xx_hal_i2c.o
 .debug_macro   0x000000000001bc48      0x1c4 ./Drivers/STM32F3xx_HAL_Driver/Src/stm32f3xx_hal_i2c_ex.o
 .debug_macro   0x000000000001be0c      0x1e8 ./Drivers/STM32F3xx_HAL_Driver/Src/stm32f3xx_hal_rcc.o
 .debug_macro   0x000000000001bff4      0x1c4 ./Drivers/STM32F3xx_HAL_Driver/Src/stm32f3xx_hal_rcc_ex.o
 .debug_macro   0x000000000001c1b8      0x1cc ./Drivers/STM32F3xx_HAL_Driver/Src/stm32f3xx_hal_spi.o

.debug_line     0x0000000000000000     0xce7a
 .debug_line    0x0000000000000000      0xa02 ./Core/Src/main.o
 .debug_line    0x0000000000000a02      0x7eb ./Core/Src/stm32f3xx_hal_msp.o
 .debug_line    0x00000000000011ed      0x7b1 ./Core/Src/stm32f3xx_it.o
 .debug_line    0x000000000000199e      0x74d ./Core/Src/system_stm32f3xx.o
 .debug_line    0x00000000000020eb       0x88 ./Core/Startup/startup_stm32f303vctx.o
 .debug_line    0x0000000000002173      0x982 ./Drivers/STM32F3xx_HAL_Driver/Src/stm32f3xx_hal.o
 .debug_line    0x0000000000002af5      0xc47 ./Drivers/STM32F3xx_HAL_Driver/Src/stm32f3xx_hal_cortex.o
 .debug_line    0x000000000000373c      0xc94 ./Drivers/STM32F3xx_HAL_Driver/Src/stm32f3xx_hal_dma.o
 .debug_line    0x00000000000043d0      0xae1 ./Drivers/STM32F3xx_HAL_Driver/Src/stm32f3xx_hal_gpio.o
 .debug_line    0x0000000000004eb1     0x3751 ./Drivers/STM32F3xx_HAL_Driver/Src/stm32f3xx_hal_i2c.o
 .debug_line    0x0000000000008602      0x8f4 ./Drivers/STM32F3xx_HAL_Driver/Src/stm32f3xx_hal_i2c_ex.o
 .debug_line    0x0000000000008ef6     0x135c ./Drivers/STM32F3xx_HAL_Driver/Src/stm32f3xx_hal_rcc.o
 .debug_line    0x000000000000a252      0xceb ./Drivers/STM32F3xx_HAL_Driver/Src/stm32f3xx_hal_rcc_ex.o
 .debug_line    0x000000000000af3d     0x1f3d ./Drivers/STM32F3xx_HAL_Driver/Src/stm32f3xx_hal_spi.o

.debug_str      0x0000000000000000    0xa7e3c
 .debug_str     0x0000000000000000    0xa5646 ./Core/Src/main.o
                                      0xa5dbd (size before relaxing)
 .debug_str     0x00000000000a5646      0x39e ./Core/Src/stm32f3xx_hal_msp.o
                                      0xa5e12 (size before relaxing)
 .debug_str     0x00000000000a59e4       0xd0 ./Core/Src/stm32f3xx_it.o
                                      0xa5791 (size before relaxing)
 .debug_str     0x00000000000a5ab4       0xbd ./Core/Src/system_stm32f3xx.o
                                      0xa5206 (size before relaxing)
 .debug_str     0x00000000000a5b71       0x36 ./Core/Startup/startup_stm32f303vctx.o
                                         0x52 (size before relaxing)
 .debug_str     0x00000000000a5ba7      0x2fb ./Drivers/STM32F3xx_HAL_Driver/Src/stm32f3xx_hal.o
                                      0xa59a2 (size before relaxing)
 .debug_str     0x00000000000a5ea2      0x3bb ./Drivers/STM32F3xx_HAL_Driver/Src/stm32f3xx_hal_cortex.o
                                      0xa5ab0 (size before relaxing)
 .debug_str     0x00000000000a625d      0x24d ./Drivers/STM32F3xx_HAL_Driver/Src/stm32f3xx_hal_dma.o
                                      0xa5580 (size before relaxing)
 .debug_str     0x00000000000a64aa      0x173 ./Drivers/STM32F3xx_HAL_Driver/Src/stm32f3xx_hal_gpio.o
                                      0xa53b1 (size before relaxing)
 .debug_str     0x00000000000a661d      0xe30 ./Drivers/STM32F3xx_HAL_Driver/Src/stm32f3xx_hal_i2c.o
                                      0xa64f6 (size before relaxing)
 .debug_str     0x00000000000a744d       0xb8 ./Drivers/STM32F3xx_HAL_Driver/Src/stm32f3xx_hal_i2c_ex.o
                                      0xa5753 (size before relaxing)
 .debug_str     0x00000000000a7505      0x2ec ./Drivers/STM32F3xx_HAL_Driver/Src/stm32f3xx_hal_rcc.o
                                      0xa5674 (size before relaxing)
 .debug_str     0x00000000000a77f1       0xd8 ./Drivers/STM32F3xx_HAL_Driver/Src/stm32f3xx_hal_rcc_ex.o
                                      0xa5438 (size before relaxing)
 .debug_str     0x00000000000a78c9      0x573 ./Drivers/STM32F3xx_HAL_Driver/Src/stm32f3xx_hal_spi.o
                                      0xa5b0c (size before relaxing)

.comment        0x0000000000000000       0x53
 .comment       0x0000000000000000       0x53 ./Core/Src/main.o
                                         0x54 (size before relaxing)
 .comment       0x0000000000000053       0x54 ./Core/Src/stm32f3xx_hal_msp.o
 .comment       0x0000000000000053       0x54 ./Core/Src/stm32f3xx_it.o
 .comment       0x0000000000000053       0x54 ./Core/Src/system_stm32f3xx.o
 .comment       0x0000000000000053       0x54 ./Drivers/STM32F3xx_HAL_Driver/Src/stm32f3xx_hal.o
 .comment       0x0000000000000053       0x54 ./Drivers/STM32F3xx_HAL_Driver/Src/stm32f3xx_hal_cortex.o
 .comment       0x0000000000000053       0x54 ./Drivers/STM32F3xx_HAL_Driver/Src/stm32f3xx_hal_dma.o
 .comment       0x0000000000000053       0x54 ./Drivers/STM32F3xx_HAL_Driver/Src/stm32f3xx_hal_gpio.o
 .comment       0x0000000000000053       0x54 ./Drivers/STM32F3xx_HAL_Driver/Src/stm32f3xx_hal_i2c.o
 .comment       0x0000000000000053       0x54 ./Drivers/STM32F3xx_HAL_Driver/Src/stm32f3xx_hal_i2c_ex.o
 .comment       0x0000000000000053       0x54 ./Drivers/STM32F3xx_HAL_Driver/Src/stm32f3xx_hal_rcc.o
 .comment       0x0000000000000053       0x54 ./Drivers/STM32F3xx_HAL_Driver/Src/stm32f3xx_hal_rcc_ex.o
 .comment       0x0000000000000053       0x54 ./Drivers/STM32F3xx_HAL_Driver/Src/stm32f3xx_hal_spi.o

.debug_frame    0x0000000000000000     0x2728
 .debug_frame   0x0000000000000000      0x104 ./Core/Src/main.o
 .debug_frame   0x0000000000000104       0xc8 ./Core/Src/stm32f3xx_hal_msp.o
 .debug_frame   0x00000000000001cc      0x120 ./Core/Src/stm32f3xx_it.o
 .debug_frame   0x00000000000002ec       0x58 ./Core/Src/system_stm32f3xx.o
 .debug_frame   0x0000000000000344      0x334 ./Drivers/STM32F3xx_HAL_Driver/Src/stm32f3xx_hal.o
 .debug_frame   0x0000000000000678      0x498 ./Drivers/STM32F3xx_HAL_Driver/Src/stm32f3xx_hal_cortex.o
 .debug_frame   0x0000000000000b10      0x224 ./Drivers/STM32F3xx_HAL_Driver/Src/stm32f3xx_hal_dma.o
 .debug_frame   0x0000000000000d34      0x14c ./Drivers/STM32F3xx_HAL_Driver/Src/stm32f3xx_hal_gpio.o
 .debug_frame   0x0000000000000e80      0xc38 ./Drivers/STM32F3xx_HAL_Driver/Src/stm32f3xx_hal_i2c.o
 .debug_frame   0x0000000000001ab8      0x100 ./Drivers/STM32F3xx_HAL_Driver/Src/stm32f3xx_hal_i2c_ex.o
 .debug_frame   0x0000000000001bb8      0x214 ./Drivers/STM32F3xx_HAL_Driver/Src/stm32f3xx_hal_rcc.o
 .debug_frame   0x0000000000001dcc       0xb0 ./Drivers/STM32F3xx_HAL_Driver/Src/stm32f3xx_hal_rcc_ex.o
 .debug_frame   0x0000000000001e7c      0x860 ./Drivers/STM32F3xx_HAL_Driver/Src/stm32f3xx_hal_spi.o
 .debug_frame   0x00000000000026dc       0x2c c:/programs/stmicroelectronics/stm32cubeide/plugins/com.st.stm32cube.ide.mcu.externaltools.gnu-tools-for-stm32.9-2020-q2-update.win32_2.0.0.202105311346/tools/bin/../lib/gcc/arm-none-eabi/9.3.1/../../../../arm-none-eabi/lib/thumb/v7e-m+fp/hard\libc_nano.a(lib_a-init.o)
 .debug_frame   0x0000000000002708       0x20 c:/programs/stmicroelectronics/stm32cubeide/plugins/com.st.stm32cube.ide.mcu.externaltools.gnu-tools-for-stm32.9-2020-q2-update.win32_2.0.0.202105311346/tools/bin/../lib/gcc/arm-none-eabi/9.3.1/../../../../arm-none-eabi/lib/thumb/v7e-m+fp/hard\libc_nano.a(lib_a-memset.o)
